// Jest Snapshot v1, https://goo.gl/fbAQLP

exports[`Blog Component Should match the snapshot 1`] = `ShallowWrapper {}`;
